// Jest Snapshot v1, https://goo.gl/fbAQLP

exports[`renders StaticHeader properly 1`] = `
<nav
  className="header__static undefined"
>
  <img
    alt=""
    className="navigation__logo"
    src="test-file-stub"
  />
  <button
    className="navigation__search"
  >
    search
  </button>
</nav>
`;
